../Core/Src/main.c:62:6:setTimer0	16	static
../Core/Src/main.c:66:6:timer_run	4	static
../Core/Src/main.c:76:6:updateClockBuffer	4	static
../Core/Src/main.c:83:6:display7seg	16	static
../Core/Src/main.c:181:5:main	8	static
../Core/Src/main.c:245:6:SystemClock_Config	72	static
../Core/Src/main.c:282:13:MX_TIM2_Init	32	static
../Core/Src/main.c:327:13:MX_GPIO_Init	32	static
../Core/Src/main.c:366:6:update7SEG	16	static
../Core/Src/main.c:395:6:HAL_TIM_PeriodElapsedCallback	16	static
../Core/Src/main.c:406:6:Error_Handler	4	static,ignoring_inline_asm
